// Jest Snapshot v1, https://goo.gl/fbAQLP

exports[`Map component should render the component 1`] = `
<div>
  <svg
    class="rsm-svg sc-bczRLJ cIlMek"
    data-tip="true"
    viewBox="0 0 200 200"
  >
    <g>
      <rect
        fill="transparent"
        height="200"
        width="200"
      />
      <g
        class="rsm-zoomable-group undefined"
        transform="translate(0 0) scale(1)"
      />
    </g>
  </svg>
</div>
`;
